<testsuites id="" name="" tests="1" failures="0" skipped="0" errors="0" time="11.493413">
<testsuite name="viz-check.spec.ts" timestamp="2025-12-24T18:40:01.262Z" hostname="chromium" tests="1" failures="0" skipped="0" time="10.742" errors="0">
<testcase name="Visualizations-2 Data Verification › should verify data is populating in visualizations-2 tab" classname="viz-check.spec.ts" time="10.742">
<system-out>
<![CDATA[Found 20 KPI cards
KPI Card 0: $9.71M
KPI Card 1: 1.69M
KPI Card 2: 1203.78M
KPI Card 3: 3.39M
KPI Card 4: 0.28%
KPI Card 5: $5.73
KPI Card 6: 8.72x
KPI Card 7: 50.01%
KPI Card 8: $2.87
KPI Card 9: $9.7M
KPI Card 10: $8.07
KPI Card 11: 1203.8M
KPI Card 12: 782.5M
KPI Card 13: 3.4M
KPI Card 14: 0.28%
KPI Card 15: $2.87
KPI Card 16: 1.7M
KPI Card 17: 50.01%
KPI Card 18: $5.73
KPI Card 19: 8.72x
Found 5 charts
]]>
</system-out>
</testcase>
</testsuite>
</testsuites>